// Jest Snapshot v1, https://goo.gl/fbAQLP

exports[`<App /> renders correctly 1`] = `
<Switch>
  <Route
    component={[Function]}
    exact={true}
    path="/auth"
  />
  <Route
    component={[Function]}
    exact={true}
    path="/test"
  />
  <Route
    component={[Function]}
    exact={true}
    fetchData={[Function]}
    path="/"
  />
  <Route
    component={[Function]}
  />
</Switch>
`;
